[    1388ms] [LOG] Running frontend commit 6aa254e0d4a93c5cccc0228dfab6ded32ddc47bf @ https://www.figma.com/proto/goIhK3ksZfggmVAiuB1k2K/Avadhesh-Internal-Design?node-id=5125-547&t=wKTg3oiD3CWoJiU4-8&scaling=min-zoom&content-scaling=fixed&page-id=375%3A2&starting-point-node-id=375%3A3&hide-ui=1:553
[    4061ms] [WARNING] Statsig is not ready to log exposures, will retry in 1 seconds @ https://www.figma.com/webpack-artifacts/assets/vendor-core-1e0448b648ed4863.min.js.br:53
[    4062ms] [ERROR] Failed to load resource: the server responded with a status of 403 (Forbidden) @ https://browser-intake-datadoghq.com/api/v2/rum:0
[    4472ms] [LOG] [import] git: 42f8d9246617d66c2253df004482fa9aa5f64804, stamp: 57A95A7B7CA35B15 @ https://www.figma.com/webpack-artifacts/assets/vendor-core-1e0448b648ed4863.min.js.br:53
[    5797ms] [INFO] [PrototypeLib] Booting... (emscripten version 4.0.21) @ https://www.figma.com/webpack-artifacts/assets/vendor-core-1e0448b648ed4863.min.js.br:53
[    6062ms] [INFO] [GPU] graphicsAPI:"WebGL 1", vendor:"Google Inc. (AMD)", renderer:"ANGLE (AMD, AMD Radeon(TM) Graphics (0x00001636) Direct3D11 vs_5_0 ps_5_0, D3D11)" version:"OpenGL ES 2.0 (WebGL 1.0 (OpenGL ES 2.0 Chromium))" @ https://www.figma.com/webpack-artifacts/assets/vendor-core-1e0448b648ed4863.min.js.br:53
[   14092ms] [ERROR] Failed to load resource: the server responded with a status of 401 () @ https://www.figma.com/api/files/goIhK3ksZfggmVAiuB1k2K/prototype/view:0
[   30116ms] [VERBOSE] Rendering was performed in a subtree hidden by content-visibility. @ :3393
[   30123ms] [VERBOSE] Rendering was performed in a subtree hidden by content-visibility. @ :3032
[   30127ms] [VERBOSE] Rendering was performed in a subtree hidden by content-visibility. @ :3032
[   30128ms] [VERBOSE] Rendering was performed in a subtree hidden by content-visibility. @ :3032
[   30131ms] [VERBOSE] Rendering was performed in a subtree hidden by content-visibility. @ :3032
[   30131ms] [VERBOSE] Rendering was performed in a subtree hidden by content-visibility. @ :3032
[   30132ms] [VERBOSE] Rendering was performed in a subtree hidden by content-visibility. @ :3032
[   61530ms] [VERBOSE] Rendering was performed in a subtree hidden by content-visibility. @ :3032
[   61531ms] [VERBOSE] Rendering was performed in a subtree hidden by content-visibility. @ :3032
[   61531ms] [VERBOSE] Rendering was performed in a subtree hidden by content-visibility. @ :3032
[   61531ms] [VERBOSE] Rendering was performed in a subtree hidden by content-visibility. @ :3032
[   61532ms] [VERBOSE] Rendering was performed in a subtree hidden by content-visibility. @ :3032
[   61532ms] [VERBOSE] Rendering was performed in a subtree hidden by content-visibility. @ :3032
[   70846ms] [VERBOSE] Rendering was performed in a subtree hidden by content-visibility. @ :3393
[   70849ms] [VERBOSE] Rendering was performed in a subtree hidden by content-visibility. @ :3032
[   70849ms] [VERBOSE] Rendering was performed in a subtree hidden by content-visibility. @ :3032
[   70849ms] [VERBOSE] Rendering was performed in a subtree hidden by content-visibility. @ :3032
[   70850ms] [VERBOSE] Rendering was performed in a subtree hidden by content-visibility. @ :3032
[   70850ms] [VERBOSE] Rendering was performed in a subtree hidden by content-visibility. @ :3032
[   70851ms] [VERBOSE] Rendering was performed in a subtree hidden by content-visibility. @ :3032
[   96784ms] [VERBOSE] Rendering was performed in a subtree hidden by content-visibility. @ :0
[   96785ms] [VERBOSE] Rendering was performed in a subtree hidden by content-visibility. @ :0
[   96785ms] [VERBOSE] Rendering was performed in a subtree hidden by content-visibility. @ :0
[   96785ms] [VERBOSE] Rendering was performed in a subtree hidden by content-visibility. @ :0
[   96785ms] [VERBOSE] Rendering was performed in a subtree hidden by content-visibility. @ :0
[   96785ms] [VERBOSE] Rendering was performed in a subtree hidden by content-visibility. @ :0
[   96785ms] [VERBOSE] Rendering was performed in a subtree hidden by content-visibility. @ :0
[   96785ms] [VERBOSE] Rendering was performed in a subtree hidden by content-visibility. @ :0
[   96785ms] [VERBOSE] Rendering was performed in a subtree hidden by content-visibility. @ :0
[   96785ms] [VERBOSE] Rendering was performed in a subtree hidden by content-visibility. @ :0
[   96785ms] [VERBOSE] Rendering was performed in a subtree hidden by content-visibility. @ :0
[   96785ms] [VERBOSE] Rendering was performed in a subtree hidden by content-visibility. @ :0
[   96785ms] [VERBOSE] Rendering was performed in a subtree hidden by content-visibility. @ :0
[   96785ms] [VERBOSE] Rendering was performed in a subtree hidden by content-visibility. @ :0
[   96785ms] [VERBOSE] Rendering was performed in a subtree hidden by content-visibility. @ :0
[   96785ms] [VERBOSE] Rendering was performed in a subtree hidden by content-visibility. @ :0
[   96785ms] [VERBOSE] Rendering was performed in a subtree hidden by content-visibility. @ :0
[   96785ms] [VERBOSE] Rendering was performed in a subtree hidden by content-visibility. @ :0
[   96785ms] [VERBOSE] Rendering was performed in a subtree hidden by content-visibility. @ :0
[   96785ms] [VERBOSE] Rendering was performed in a subtree hidden by content-visibility. @ :0
[   96785ms] [VERBOSE] Rendering was performed in a subtree hidden by content-visibility. @ :0
[   96785ms] [VERBOSE] Rendering was performed in a subtree hidden by content-visibility. @ :0
[   96785ms] [VERBOSE] Rendering was performed in a subtree hidden by content-visibility. @ :0
[   96785ms] [VERBOSE] Rendering was performed in a subtree hidden by content-visibility. @ :0
[   96785ms] [VERBOSE] Rendering was performed in a subtree hidden by content-visibility. @ :0
[   96785ms] [VERBOSE] Rendering was performed in a subtree hidden by content-visibility. @ :0
[   96785ms] [VERBOSE] Rendering was performed in a subtree hidden by content-visibility. @ :0
[   96785ms] [VERBOSE] Rendering was performed in a subtree hidden by content-visibility. @ :0
[   96786ms] [VERBOSE] Rendering was performed in a subtree hidden by content-visibility. @ :0
[   96786ms] [VERBOSE] Rendering was performed in a subtree hidden by content-visibility. @ :0
[   96786ms] [VERBOSE] Rendering was performed in a subtree hidden by content-visibility. @ :0
[   96786ms] [VERBOSE] Rendering was performed in a subtree hidden by content-visibility. @ :0
[   96786ms] [VERBOSE] Rendering was performed in a subtree hidden by content-visibility. @ :0
[   96786ms] [VERBOSE] Rendering was performed in a subtree hidden by content-visibility. @ :0
[   96786ms] [VERBOSE] Rendering was performed in a subtree hidden by content-visibility. @ :0
[   96786ms] [VERBOSE] Rendering was performed in a subtree hidden by content-visibility. @ :0
[   96786ms] [VERBOSE] Rendering was performed in a subtree hidden by content-visibility. @ :0
[   96786ms] [VERBOSE] Rendering was performed in a subtree hidden by content-visibility. @ :0
[   96786ms] [VERBOSE] Rendering was performed in a subtree hidden by content-visibility. @ :0
[   96786ms] [VERBOSE] Rendering was performed in a subtree hidden by content-visibility. @ :0
[   96786ms] [VERBOSE] Rendering was performed in a subtree hidden by content-visibility. @ :0
[   96786ms] [VERBOSE] Rendering was performed in a subtree hidden by content-visibility. @ :0
[   96786ms] [VERBOSE] Rendering was performed in a subtree hidden by content-visibility. @ :0
[   96786ms] [VERBOSE] Rendering was performed in a subtree hidden by content-visibility. @ :0
[   96786ms] [VERBOSE] Rendering was performed in a subtree hidden by content-visibility. @ :0
[   96786ms] [VERBOSE] Rendering was performed in a subtree hidden by content-visibility. @ :0
[   96786ms] [VERBOSE] Rendering was performed in a subtree hidden by content-visibility. @ :0
[   96786ms] [VERBOSE] Rendering was performed in a subtree hidden by content-visibility. @ :0
[   96786ms] [VERBOSE] Rendering was performed in a subtree hidden by content-visibility. @ :0
[   96786ms] [VERBOSE] Rendering was performed in a subtree hidden by content-visibility. @ :0
[   96786ms] [VERBOSE] Rendering was performed in a subtree hidden by content-visibility. @ :0
[   96786ms] [VERBOSE] Rendering was performed in a subtree hidden by content-visibility. @ :0
[   96786ms] [VERBOSE] Rendering was performed in a subtree hidden by content-visibility. @ :0
[   96787ms] [VERBOSE] Rendering was performed in a subtree hidden by content-visibility. @ :0
[   96787ms] [VERBOSE] Rendering was performed in a subtree hidden by content-visibility. @ :0
[   96787ms] [VERBOSE] Rendering was performed in a subtree hidden by content-visibility. @ :0
[   96787ms] [VERBOSE] Rendering was performed in a subtree hidden by content-visibility. @ :0
[   96787ms] [VERBOSE] Rendering was performed in a subtree hidden by content-visibility. @ :0
[   96787ms] [VERBOSE] Rendering was performed in a subtree hidden by content-visibility. @ :0
[   96787ms] [VERBOSE] Rendering was performed in a subtree hidden by content-visibility. @ :0
[   96787ms] [VERBOSE] Rendering was performed in a subtree hidden by content-visibility. @ :0
[   96787ms] [VERBOSE] Rendering was performed in a subtree hidden by content-visibility. @ :0
[   96787ms] [VERBOSE] Rendering was performed in a subtree hidden by content-visibility. @ :0
[   96787ms] [VERBOSE] Rendering was performed in a subtree hidden by content-visibility. @ :0
[   96787ms] [VERBOSE] Rendering was performed in a subtree hidden by content-visibility. @ :0
[   96787ms] [VERBOSE] Rendering was performed in a subtree hidden by content-visibility. @ :0
[   96787ms] [VERBOSE] Rendering was performed in a subtree hidden by content-visibility. @ :0
[   96787ms] [VERBOSE] Rendering was performed in a subtree hidden by content-visibility. @ :0
[   96787ms] [VERBOSE] Rendering was performed in a subtree hidden by content-visibility. @ :0
[   96787ms] [VERBOSE] Rendering was performed in a subtree hidden by content-visibility. @ :0
[   96787ms] [VERBOSE] Rendering was performed in a subtree hidden by content-visibility. @ :0
[   96787ms] [VERBOSE] Rendering was performed in a subtree hidden by content-visibility. @ :0
[   96787ms] [VERBOSE] Rendering was performed in a subtree hidden by content-visibility. @ :0
[   96787ms] [VERBOSE] Rendering was performed in a subtree hidden by content-visibility. @ :0
[   96788ms] [VERBOSE] Rendering was performed in a subtree hidden by content-visibility. @ :0
[   96788ms] [VERBOSE] Rendering was performed in a subtree hidden by content-visibility. @ :0
[   96788ms] [VERBOSE] Rendering was performed in a subtree hidden by content-visibility. @ :0
[   96788ms] [VERBOSE] Rendering was performed in a subtree hidden by content-visibility. @ :0
[   96788ms] [VERBOSE] Rendering was performed in a subtree hidden by content-visibility. @ :0
[   96788ms] [VERBOSE] Rendering was performed in a subtree hidden by content-visibility. @ :0
[   96788ms] [VERBOSE] Rendering was performed in a subtree hidden by content-visibility. @ :0
[   96788ms] [VERBOSE] Rendering was performed in a subtree hidden by content-visibility. @ :0
[   96788ms] [VERBOSE] Rendering was performed in a subtree hidden by content-visibility. @ :0
[   96788ms] [VERBOSE] Rendering was performed in a subtree hidden by content-visibility. @ :0
[   96788ms] [VERBOSE] Rendering was performed in a subtree hidden by content-visibility. @ :0
[   96788ms] [VERBOSE] Rendering was performed in a subtree hidden by content-visibility. @ :0
[   96788ms] [VERBOSE] Rendering was performed in a subtree hidden by content-visibility. @ :0
[   96788ms] [VERBOSE] Rendering was performed in a subtree hidden by content-visibility. @ :0
[   96788ms] [VERBOSE] Rendering was performed in a subtree hidden by content-visibility. @ :0
[   96788ms] [VERBOSE] Rendering was performed in a subtree hidden by content-visibility. @ :0
[   96788ms] [VERBOSE] Rendering was performed in a subtree hidden by content-visibility. @ :0
[   96788ms] [VERBOSE] Rendering was performed in a subtree hidden by content-visibility. @ :0
[   96788ms] [VERBOSE] Rendering was performed in a subtree hidden by content-visibility. @ :0
[   96788ms] [VERBOSE] Rendering was performed in a subtree hidden by content-visibility. @ :0
[   96788ms] [VERBOSE] Rendering was performed in a subtree hidden by content-visibility. @ :0
[   96788ms] [VERBOSE] Rendering was performed in a subtree hidden by content-visibility. @ :0
[   96788ms] [VERBOSE] Rendering was performed in a subtree hidden by content-visibility. @ :0
[   96788ms] [VERBOSE] Rendering was performed in a subtree hidden by content-visibility. @ :0
[   96788ms] [VERBOSE] Rendering was performed in a subtree hidden by content-visibility. @ :0
[   96788ms] [VERBOSE] Rendering was performed in a subtree hidden by content-visibility. @ :0
[  419656ms] [LOG] [Livegraph] Connection closed. Code: 4001, reason: draining_start @ https://www.figma.com/webpack-artifacts/assets/vendor-core-1e0448b648ed4863.min.js.br:53
